src/app/(frontend)/layout.tsx(37,17): error TS2322: Type 'Header' is not assignable to type '{ navLinks?: { link: string; label: string; }[] | undefined; }'.
  Types of property 'navLinks' are incompatible.
    Type '{ label: string; link: string; id?: string | null | undefined; }[] | null | undefined' is not assignable to type '{ link: string; label: string; }[] | undefined'.
      Type 'null' is not assignable to type '{ link: string; label: string; }[] | undefined'.
src/app/(frontend)/layout.tsx(37,41): error TS2322: Type 'SiteSetting' is not assignable to type '{ logo?: string | { url?: string | undefined; } | undefined; companyName?: string | undefined; }'.
  Types of property 'logo' are incompatible.
    Type 'string | Media' is not assignable to type 'string | { url?: string | undefined; } | undefined'.
      Type 'Media' is not assignable to type 'string | { url?: string | undefined; } | undefined'.
        Type 'Media' is not assignable to type '{ url?: string | undefined; }'.
          Types of property 'url' are incompatible.
            Type 'string | null | undefined' is not assignable to type 'string | undefined'.
              Type 'null' is not assignable to type 'string | undefined'.
src/app/(frontend)/layout.tsx(39,17): error TS2322: Type 'Footer' is not assignable to type '{ companyDescription?: string | undefined; address?: string | undefined; copyright?: string | undefined; navLinks?: { link: string; label: string; }[] | undefined; socialLinks?: { url: string; platform: string; }[] | undefined; }'.
  Types of property 'navLinks' are incompatible.
    Type '{ label: string; link: string; id?: string | null | undefined; }[] | null | undefined' is not assignable to type '{ link: string; label: string; }[] | undefined'.
      Type 'null' is not assignable to type '{ link: string; label: string; }[] | undefined'.
src/app/(frontend)/layout.tsx(39,41): error TS2322: Type 'SiteSetting' is not assignable to type '{ logo?: string | { url?: string | undefined; } | undefined; companyName?: string | undefined; contactInfo?: { email?: string | undefined; phone?: string | undefined; } | undefined; }'.
  Types of property 'logo' are incompatible.
    Type 'string | Media' is not assignable to type 'string | { url?: string | undefined; } | undefined'.
      Type 'Media' is not assignable to type 'string | { url?: string | undefined; } | undefined'.
        Type 'Media' is not assignable to type '{ url?: string | undefined; }'.
          Types of property 'url' are incompatible.
            Type 'string | null | undefined' is not assignable to type 'string | undefined'.
              Type 'null' is not assignable to type 'string | undefined'.
src/app/(frontend)/page.tsx(42,51): error TS2322: Type 'CompanyStat[]' is not assignable to type 'Stat[]'.
  Type 'CompanyStat' is not assignable to type 'Stat'.
    Types of property 'icon' are incompatible.
      Type 'string | Media | null | undefined' is not assignable to type 'string | { url?: string | undefined; } | null | undefined'.
        Type 'Media' is not assignable to type 'string | { url?: string | undefined; } | null | undefined'.
          Type 'Media' is not assignable to type '{ url?: string | undefined; }'.
            Types of property 'url' are incompatible.
              Type 'string | null | undefined' is not assignable to type 'string | undefined'.
                Type 'null' is not assignable to type 'string | undefined'.
src/components/Blocks/index.tsx(26,17): error TS2741: Property 'title' is missing in type '{ key: number; }' but required in type '{ title: string; description?: string | undefined; buttonLabel?: string | undefined; buttonLink?: string | undefined; }'.
src/components/layout/Footer.tsx(21,26): error TS2322: Type 'string | { url?: string | undefined; }' is not assignable to type 'string | Media | null | undefined'.
  Type '{ url?: string | undefined; }' is not assignable to type 'string | Media | null | undefined'.
    Type '{ url?: string | undefined; }' is missing the following properties from type 'Media': id, alt, updatedAt, createdAt
src/components/layout/Header.tsx(16,22): error TS2322: Type 'string | { url?: string | undefined; }' is not assignable to type 'string | Media | null | undefined'.
  Type '{ url?: string | undefined; }' is not assignable to type 'string | Media | null | undefined'.
    Type '{ url?: string | undefined; }' is missing the following properties from type 'Media': id, alt, updatedAt, createdAt
src/components/RichText.tsx(21,41): error TS2339: Property 'children' does not exist on type '{}'.
src/components/RichText.tsx(25,30): error TS2339: Property 'children' does not exist on type '{}'.
src/components/RichText.tsx(38,26): error TS2345: Argument of type 'unknown' is not assignable to parameter of type 'LexicalNode[]'.
src/components/RichText.tsx(42,39): error TS2503: Cannot find namespace 'JSX'.
src/components/RichText.tsx(44,12): error TS2604: JSX element type 'Tag' does not have any construct or call signatures.
src/components/RichText.tsx(44,12): error TS2786: 'Tag' cannot be used as a JSX component.
  Its type 'string | number | symbol' is not a valid JSX element type.
    Type 'number' is not assignable to type 'ElementType'.
src/components/RichText.tsx(45,26): error TS2345: Argument of type 'unknown' is not assignable to parameter of type 'LexicalNode[]'.
src/components/RichText.tsx(55,26): error TS2345: Argument of type 'unknown' is not assignable to parameter of type 'LexicalNode[]'.
src/components/RichText.tsx(61,26): error TS2345: Argument of type 'unknown' is not assignable to parameter of type 'LexicalNode[]'.
src/components/RichText.tsx(65,34): error TS2339: Property 'url' does not exist on type '{}'.
src/components/RichText.tsx(66,37): error TS2339: Property 'newTab' does not exist on type '{}'.
src/components/RichText.tsx(73,28): error TS2345: Argument of type 'unknown' is not assignable to parameter of type 'LexicalNode[]'.
src/components/RichText.tsx(85,26): error TS2345: Argument of type 'unknown' is not assignable to parameter of type 'LexicalNode[]'.
src/components/RichText.tsx(91,26): error TS2345: Argument of type 'unknown' is not assignable to parameter of type 'LexicalNode[]'.
src/components/RichText.tsx(97,55): error TS2345: Argument of type '{}' is not assignable to parameter of type 'LexicalNode[]'.
  Type '{}' is missing the following properties from type 'LexicalNode[]': length, pop, push, concat, and 29 more.
src/components/RichText.tsx(105,7): error TS2322: Type 'unknown' is not assignable to type 'ReactNode'.
src/components/StatsSection.tsx(45,27): error TS2322: Type 'string | { url?: string | undefined; }' is not assignable to type 'string | Media | null | undefined'.
  Type '{ url?: string | undefined; }' is not assignable to type 'string | Media | null | undefined'.
    Type '{ url?: string | undefined; }' is missing the following properties from type 'Media': id, alt, updatedAt, createdAt
src/payload-blocks/ContentGridBlock.tsx(32,28): error TS2322: Type 'string | { url?: string | undefined; }' is not assignable to type 'string | Media | null | undefined'.
  Type '{ url?: string | undefined; }' is not assignable to type 'string | Media | null | undefined'.
    Type '{ url?: string | undefined; }' is missing the following properties from type 'Media': id, alt, updatedAt, createdAt
src/payload-blocks/CtaBlock.tsx(16,13): error TS2322: Type 'string | undefined' is not assignable to type 'Url'.
  Type 'undefined' is not assignable to type 'Url'.
src/payload-blocks/HeroBlock.tsx(22,11): error TS2322: Type 'string | { url?: string | undefined; } | null | undefined' is not assignable to type 'string | Media | null | undefined'.
  Type '{ url?: string | undefined; }' is not assignable to type 'string | Media | null | undefined'.
    Type '{ url?: string | undefined; }' is missing the following properties from type 'Media': id, alt, updatedAt, createdAt
src/payload-blocks/RenderBlocks.tsx(15,21): error TS2322: Type '{ title: string; subtitle?: string | null | undefined; backgroundImage?: string | Media | null | undefined; ctaLabel?: string | null | undefined; ctaLink?: string | null | undefined; id?: string | ... 1 more ... | undefined; blockName?: string | ... 1 more ... | undefined; blockType: "hero"; key: number; }' is not assignable to type 'HeroBlockProps'.
  Types of property 'backgroundImage' are incompatible.
    Type 'string | Media | null | undefined' is not assignable to type 'string | { url?: string | undefined; } | null | undefined'.
      Type 'Media' is not assignable to type 'string | { url?: string | undefined; } | null | undefined'.
        Type 'Media' is not assignable to type '{ url?: string | undefined; }'.
          Types of property 'url' are incompatible.
            Type 'string | null | undefined' is not assignable to type 'string | undefined'.
              Type 'null' is not assignable to type 'string | undefined'.
src/payload-blocks/RenderBlocks.tsx(17,21): error TS2322: Type '{ title?: string | null | undefined; items?: { title: string; content: string; icon?: string | Media | null | undefined; id?: string | null | undefined; }[] | null | undefined; id?: string | null | undefined; blockName?: string | ... 1 more ... | undefined; blockType: "contentGrid"; key: number; }' is not assignable to type '{ title?: string | undefined; items?: ContentGridItem[] | undefined; }'.
  Types of property 'title' are incompatible.
    Type 'string | null | undefined' is not assignable to type 'string | undefined'.
      Type 'null' is not assignable to type 'string | undefined'.
src/payload-blocks/RenderBlocks.tsx(19,21): error TS2322: Type '{ title: string; description?: string | null | undefined; buttonLabel: string; buttonLink: string; id?: string | null | undefined; blockName?: string | null | undefined; blockType: "cta"; key: number; }' is not assignable to type '{ title: string; description?: string | undefined; buttonLabel?: string | undefined; buttonLink?: string | undefined; }'.
  Types of property 'description' are incompatible.
    Type 'string | null | undefined' is not assignable to type 'string | undefined'.
      Type 'null' is not assignable to type 'string | undefined'.
